[bootswatch.com/sandstone/bootstrap.min.0.delayed]
[ajax.googleapis.com/ajax/libs/jquery/1.12.4/jquery.min.js]
[maxcdn.bootstrapcdn.com/bootstrap/3.3.6/js/bootstrap.min.js]
[backblue.gif]
[fade.gif]
[index.html]
[clubs.marist.edu/anime/images/maristclublogo2.png]
[clubs.marist.edu/anime/images/facebook-square-social-logo-white.png]
[clubs.marist.edu/anime/images/akane7-2.png]
[clubs.marist.edu/anime/index.html]
[bootswatch.com/sandstone/bootstrap.min.html]
[clubs.marist.edu/anime/images/animeSociety20152016-2.png]
[images.alphacoders.com/555/555557.png]
[clubs.marist.edu/anime/styles.css]
[clubs.marist.edu/anime/index-2.html]
[myanimelist.cdn-dena.com/images/anime/8/77831.jpg]
[myanimelist.cdn-dena.com/images/anime/11/55267.jpg]
[myanimelist.cdn-dena.com/images/anime/6/81149.jpg]
[myanimelist.cdn-dena.com/images/anime/4/5123.jpg]
[myanimelist.cdn-dena.com/images/anime/6/59399.jpg]
[clubs.marist.edu/_resources/ou/dired.gif]
[images5.alphacoders.com/787/thumb-1920-787506.png]
[wallpapers.wallhaven.cc/wallpapers/full/wallhaven-474326.jpg]
[images4.alphacoders.com/678/thumb-1920-678763.jpg]
[honeysanime.com/wp-content/uploads/2015/07/jojos-bizzare-adventure-starsdust-crusaders-wallpaper-700x393.jpg]
[i.imgur.com/Dvrimdg.jpg]
[i.ytimg.com/vi/osCWiSFYIeg/maxresdefault.jpg]
[images5.alphacoders.com/749/749153.jpg]
[static.zerochan.net/Victor.Nikiforov.full.2044680.jpg]
[images5.alphacoders.com/517/517755.jpg]
[images7.alphacoders.com/539/539309.png]
[hd.wallpaperswide.com/thumbs/gurren_lagann_anime-t2.jpg]
[images2.alphacoders.com/576/thumb-350-57692.jpg]
[static.zerochan.net/Horo.full.290693.jpg]
[images4.alphacoders.com/577/57704.jpg]
[images8.alphacoders.com/683/thumb-1920-683505.jpg]
[clubs.marist.edu/anime/current_listings.html]
[cdnjs.cloudflare.com/ajax/libs/fullcalendar/2.9.0/fullcalendar.css]
[ajax.googleapis.com/ajax/libs/jquery/1.11.0/jquery.min.js]
[cdnjs.cloudflare.com/ajax/libs/moment.js/2.14.1/moment.min.js]
[cdnjs.cloudflare.com/ajax/libs/fullcalendar/2.6.1/fullcalendar.min.js]
[cdnjs.cloudflare.com/ajax/libs/fullcalendar/2.9.0/gcal.js]
[clubs.marist.edu/anime/calendar.html]
[clubs.marist.edu/anime/images/vdeN.jpg]
[clubs.marist.edu/anime/images/jsmoeN.jpg]
[cdnjs.cloudflare.com/ajax/libs/fullcalendar/2.9.0/fullcalendar.js]
[clubs.marist.edu/anime/images/snormanN.jpg]
[clubs.marist.edu/anime/images/astigliano.jpg]
[clubs.marist.edu/anime/images/ftregliaN.png]
[clubs.marist.edu/anime/images/ecaferraN.jpg]
[clubs.marist.edu/anime/images/vjosephN.jpg]
[clubs.marist.edu/anime/images/emarsN.jpg]
[clubs.marist.edu/anime/images/psofronasN.jpg]
[clubs.marist.edu/anime/meet_board.html]
[clubs.marist.edu/anime/showhistory.html]
[clubs.marist.edu/anime/about-us.html]
[kawaii-mobile.com/wp-content/uploads/2015/11/Charlotte-Yuu-Otosaka-Nao-Tomori.Android-wallpaper-2160x1920.html]
[kawaii-mobile.com/wp-content/uploads/2015/11/Charlotte-Nao-Tomori.Android-wallpaper-2160x1920-5.html]
[cdnjs.cloudflare.com/ajax/libs/fullcalendar/2.9.0/fullcalendar.css]
[clubs.marist.edu/anime/images/aharris.jpg]
[clubs.marist.edu/anime/images/cherman.jpg]
[clubs.marist.edu/anime/images/vinny3.jpg]
[clubs.marist.edu/anime/images/joe3.jpg]
[clubs.marist.edu/anime/images/fran2.png]
[clubs.marist.edu/anime/images/erina4.jpg]
[clubs.marist.edu/anime/images/kskocypec.jpg]
[clubs.marist.edu/anime/images/emarrs.jpg]
[clubs.marist.edu/anime/images/snorman.jpg]
[clubs.marist.edu/anime/e-board.html]
[scontent-iad3-1.xx.fbcdn.net/t31.0-8/10460850_10152813444652365_3137903499486980399_o.jpg]
